MINGW64:/c/Users/Manager/Desktop/first-git-repo

CSCINDAE707458+Manager@cscindae707458 MINGW64 ~/Desktop
$ mkdir first-git-repo && cd first-git-repo

CSCINDAE707458+Manager@cscindae707458 MINGW64 ~/Desktop/first-git-repo
$ git init
Initialized empty Git repository in C:/Users/Manager/Desktop/first-git-repo/.git                                                                                                                /

CSCINDAE707458+Manager@cscindae707458 MINGW64 ~/Desktop/first-git-repo (master)
$ echo "Hello World">hello.txt

CSCINDAE707458+Manager@cscindae707458 MINGW64 ~/Desktop/first-git-repo (master)
$ git add .
warning: LF will be replaced by CRLF in hello.txt.
The file will have its original line endings in your working directory.

CSCINDAE707458+Manager@cscindae707458 MINGW64 ~/Desktop/first-git-repo (master)
$ git commit -a -m 'Check in number one'
[master (root-commit) 1da5607] Check in number one
 Committer: Windows SOE Manager <Windows SOE Manager>
Your name and email address were configured automatically based
on your username and hostname. Please check that they are accurate.
You can suppress this message by setting them explicitly:

    git config --global user.name "Your Name"
    git config --global user.email you@example.com

After doing this, you may fix the identity used for this commit with:

    git commit --amend --reset-author

warning: LF will be replaced by CRLF in hello.txt.
The file will have its original line endings in your working directory.
 1 file changed, 1 insertion(+)
 create mode 100644 hello.txt

CSCINDAE707458+Manager@cscindae707458 MINGW64 ~/Desktop/first-git-repo (master)
$ git log
commit 1da5607ea70953775312a2dc5b56533e71691fb6
Author: Windows SOE Manager <Windows SOE Manager>
Date:   Mon Sep 24 18:43:55 2018 -0400

    Check in number one

CSCINDAE707458+Manager@cscindae707458 MINGW64 ~/Desktop/first-git-repo (master)
$ ^C

CSCINDAE707458+Manager@cscindae707458 MINGW64 ~/Desktop/first-git-repo (master)
$


CSCINDAE707458+Manager@cscindae707458 MINGW64 ~/Desktop/first-git-repo (master)
$ pwd
/c/Users/Manager/Desktop/first-git-repo

CSCINDAE707458+Manager@cscindae707458 MINGW64 ~/Desktop/first-git-repo (master)
$ echo "I love Git">>hello.txt

CSCINDAE707458+Manager@cscindae707458 MINGW64 ~/Desktop/first-git-repo (master)
$ git diff
diff --git a/hello.txt b/hello.txt
index 557db03..4896429 100644
--- a/hello.txt
+++ b/hello.txt
@@ -1 +1,2 @@
 Hello World
+I love Git
warning: LF will be replaced by CRLF in hello.txt.
The file will have its original line endings in your working directory.

CSCINDAE707458+Manager@cscindae707458 MINGW64 ~/Desktop/first-git-repo (master)
$ git status
On branch master
Changes not staged for commit:
  (use "git add <file>..." to update what will be committed)
  (use "git checkout -- <file>..." to discard changes in working directory)

        modified:   hello.txt

no changes added to commit (use "git add" and/or "git commit -a")

CSCINDAE707458+Manager@cscindae707458 MINGW64 ~/Desktop/first-git-repo (master)
$ gir add hello.txt
bash: gir: command not found

CSCINDAE707458+Manager@cscindae707458 MINGW64 ~/Desktop/first-git-repo (master)
$ git add hello.txt
warning: LF will be replaced by CRLF in hello.txt.
The file will have its original line endings in your working directory.

CSCINDAE707458+Manager@cscindae707458 MINGW64 ~/Desktop/first-git-repo (master)
$ git diff

CSCINDAE707458+Manager@cscindae707458 MINGW64 ~/Desktop/first-git-repo (master)
$ git diff HEAD
diff --git a/hello.txt b/hello.txt
index 557db03..4896429 100644
--- a/hello.txt
+++ b/hello.txt
@@ -1 +1,2 @@
 Hello World
+I love Git
warning: LF will be replaced by CRLF in hello.txt.
The file will have its original line endings in your working directory.

CSCINDAE707458+Manager@cscindae707458 MINGW64 ~/Desktop/first-git-repo (master)
$ git status
warning: LF will be replaced by CRLF in hello.txt.
The file will have its original line endings in your working directory.
On branch master
Changes to be committed:
  (use "git reset HEAD <file>..." to unstage)

        modified:   hello.txt


CSCINDAE707458+Manager@cscindae707458 MINGW64 ~/Desktop/first-git-repo (master)
$ git commit -m 'Second commit'
[master warning: LF will be replaced by CRLF in hello.txt.
The file will have its original line endings in your working directory.
c4fab00] Second commit
 Committer: Windows SOE Manager <Windows SOE Manager>
Your name and email address were configured automatically based
on your username and hostname. Please check that they are accurate.
You can suppress this message by setting them explicitly:

    git config --global user.name "Your Name"
    git config --global user.email you@example.com

After doing this, you may fix the identity used for this commit with:

    git commit --amend --reset-author

warning: LF will be replaced by CRLF in hello.txt.
The file will have its original line endings in your working directory.
 1 file changed, 1 insertion(+)

CSCINDAE707458+Manager@cscindae707458 MINGW64 ~/Desktop/first-git-repo (master)
$
